2026-08-20 09:40:31,130 | INFO | Repair impact analysis started
2026-08-20 09:40:31,130 | INFO | Baseline root: /home/fhg/pie65738/projects/sr4all/data/extraction/fact_checked
2026-08-20 09:40:31,130 | INFO | Repaired root: /home/fhg/pie65738/projects/sr4all/data/extraction/repaired_fact_checked
2026-08-20 09:40:31,130 | INFO | Baseline files discovered: 108167
2026-08-20 09:40:31,130 | INFO | Repaired files discovered: 108079
2026-08-20 09:40:31,221 | INFO | Common documents: 108079
2026-08-20 09:40:31,221 | INFO | Missing repaired outputs: 88
2026-08-20 09:40:31,221 | INFO | Unexpected repaired outputs: 0
2026-08-20 09:40:59,970 | INFO | Documents with read errors: 0
2026-08-20 09:40:59,970 | INFO | Repair attempts: 106931
2026-08-20 09:40:59,970 | INFO | Documents with patches: 67521
2026-08-20 09:40:59,970 | INFO | 
2026-08-20 09:40:59,970 | INFO | FIELD | MISSING_BEFORE | RECOVERED | GAIN_PCT | REGRESSED | MARKED_PATCHED
2026-08-20 09:40:59,970 | INFO | ----------------------------------------------------------------------------------------------------
2026-08-20 09:40:59,970 | INFO | objective | 9019 | 1150 | 12.8% | 7 | 2117
2026-08-20 09:40:59,970 | INFO | research_questions | 94120 | 3753 | 4.0% | 26 | 4867
2026-08-20 09:40:59,970 | INFO | n_studies_initial | 25811 | 3632 | 14.1% | 48 | 8175
2026-08-20 09:40:59,970 | INFO | n_studies_final | 16745 | 1453 | 8.7% | 54 | 3636
2026-08-20 09:40:59,970 | INFO | year_range | 50527 | 1747 | 3.5% | 46 | 3904
2026-08-20 09:40:59,970 | INFO | snowballing | 39179 | 1719 | 4.4% | 185 | 38595
2026-08-20 09:40:59,970 | INFO | keywords_used | 33237 | 4303 | 12.9% | 4 | 6309
2026-08-20 09:40:59,970 | INFO | exact_boolean_queries | 93108 | 3689 | 4.0% | 74 | 19773
2026-08-20 09:40:59,970 | INFO | databases_used | 9523 | 430 | 4.5% | 6 | 1530
2026-08-20 09:40:59,970 | INFO | inclusion_criteria | 13652 | 2107 | 15.4% | 7 | 3551
2026-08-20 09:40:59,970 | INFO | exclusion_criteria | 32036 | 3511 | 11.0% | 25 | 6614
2026-08-20 09:40:59,970 | INFO | ----------------------------------------------------------------------------------------------------
2026-08-20 09:40:59,970 | INFO | TOTAL | 416957 | 27494 | 6.6% | 482 | -
2026-08-20 09:40:59,972 | INFO | Field fill summary written to: /home/fhg/pie65738/projects/sr4all/logs/extraction/repaired_fact_checked/field_fill_summary.log
2026-08-20 09:40:59,972 | INFO | Repair impact analysis complete
