2026-08-22 11:02:33,554 | INFO | Scanning: sr4all_final.jsonl...
2026-08-22 11:02:49,187 | INFO | 
============================================================
2026-08-22 11:02:49,187 | INFO | COMPLETENESS REPORT (records=334893, docs_with_extraction=107611, invalid=0)
2026-08-22 11:02:49,187 | INFO | ============================================================
2026-08-22 11:02:49,187 | INFO | Docs with ALL fields null/empty      | 0          | 0.0%
2026-08-22 11:02:49,187 | INFO | Docs with ALL fields filled         | 1635       | 1.5%
2026-08-22 11:02:49,187 | INFO | 
RAW OPENALEX FIELDS                 | COUNT      | %     
2026-08-22 11:02:49,187 | INFO | ------------------------------------------------------------
2026-08-22 11:02:49,187 | INFO | abstract                            | 232628     | 69.5%
2026-08-22 11:02:49,187 | INFO | authors                             | 334350     | 99.8%
2026-08-22 11:02:49,187 | INFO | cited_by_count                      | 334893     | 100.0%
2026-08-22 11:02:49,187 | INFO | concepts                            | 326629     | 97.5%
2026-08-22 11:02:49,187 | INFO | doi                                 | 331824     | 99.1%
2026-08-22 11:02:49,187 | INFO | field                               | 331479     | 99.0%
2026-08-22 11:02:49,187 | INFO | id                                  | 334893     | 100.0%
2026-08-22 11:02:49,187 | INFO | is_oa                               | 334893     | 100.0%
2026-08-22 11:02:49,187 | INFO | keywords                            | 326629     | 97.5%
2026-08-22 11:02:49,187 | INFO | language                            | 334893     | 100.0%
2026-08-22 11:02:49,188 | INFO | pdf_url                             | 222368     | 66.4%
2026-08-22 11:02:49,188 | INFO | referenced_works                    | 334893     | 100.0%
2026-08-22 11:02:49,188 | INFO | referenced_works_count              | 334893     | 100.0%
2026-08-22 11:02:49,188 | INFO | source                              | 327151     | 97.7%
2026-08-22 11:02:49,188 | INFO | subfield                            | 331479     | 99.0%
2026-08-22 11:02:49,188 | INFO | title                               | 334893     | 100.0%
2026-08-22 11:02:49,188 | INFO | topics                              | 331479     | 99.0%
2026-08-22 11:02:49,188 | INFO | type                                | 334893     | 100.0%
2026-08-22 11:02:49,188 | INFO | year                                | 334891     | 100.0%
2026-08-22 11:02:49,188 | INFO | 
PIPELINE-EXTRACTED FIELDS           | COUNT      | %     
2026-08-22 11:02:49,188 | INFO | ------------------------------------------------------------
2026-08-22 11:02:49,188 | INFO | databases_used                      | 98980      | 29.6%
2026-08-22 11:02:49,188 | INFO | exact_boolean_queries               | 18586      | 5.5%
2026-08-22 11:02:49,188 | INFO | exclusion_criteria                  | 79529      | 23.7%
2026-08-22 11:02:49,188 | INFO | inclusion_criteria                  | 96527      | 28.8%
2026-08-22 11:02:49,188 | INFO | keywords_used                       | 79141      | 23.6%
2026-08-22 11:02:49,188 | INFO | n_studies_final                     | 92733      | 27.7%
2026-08-22 11:02:49,188 | INFO | n_studies_initial                   | 85852      | 25.6%
2026-08-22 11:02:49,188 | INFO | objective                           | 100203     | 29.9%
2026-08-22 11:02:49,188 | INFO | research_questions                  | 17686      | 5.3%
2026-08-22 11:02:49,188 | INFO | snowballing                         | 70434      | 21.0%
2026-08-22 11:02:49,188 | INFO | year_range                          | 334891     | 100.0%
2026-08-22 11:02:49,188 | INFO | Percentages above use all records as the denominator; essentials use documents with extraction.
2026-08-22 11:02:49,188 | INFO | ============================================================
2026-08-22 11:02:49,189 | INFO | ESSENTIALS COMPLETENESS (Objective + Strategy + Eligibility)
2026-08-22 11:02:49,189 | INFO | ------------------------------------------------------------
2026-08-22 11:02:49,189 | INFO | Objective                            | 100203     | 93.1%
2026-08-22 11:02:49,189 | INFO | Strategy (Queries OR Keywords)       | 80669      | 75.0%
2026-08-22 11:02:49,189 | INFO | Eligibility (Inclusion OR Exclusion) | 97567      | 90.7%
2026-08-22 11:02:49,189 | INFO | Essentials complete (all 3)          | 78058      | 72.5%
2026-08-22 11:02:49,189 | INFO | ============================================================
