2026-08-08 12:42:54,298 | INFO | Found 108167 extraction files under /home/fhg/pie65738/projects/sr4all/data/extraction/first_pass
2026-08-08 12:42:54,541 | INFO |   shards: {'W1': 2339, 'W2': 27819, 'W3': 17827, 'W4': 60080, 'W5': 15, 'W6': 32, 'W7': 8, 'W8': 27, 'W9': 20}
2026-08-08 12:43:01,800 | INFO | Aligning 108167 documents on 16 processes (bands=((200, 85.0, 55.0), (80, 90.0, 60.0), (0, 95.0, 70.0)), null_noisy=False)
2026-08-08 13:23:48,812 | INFO | Complete in 2447.0s
2026-08-08 13:23:48,981 | INFO | Summary:
{
  "documents": 108167,
  "status": {
    "PASS": 101452,
    "SKIPPED": 464,
    "PARTIAL": 6251
  },
  "span_decisions": {
    "VERIFIED": 930874,
    "EMPTY": 280462,
    "NOISY": 22348,
    "NOT_FOUND": 9913,
    "SPAN_TOO_SHORT": 5346,
    "MISSING_SOURCE": 40
  },
  "mean_verified_rate": 0.971,
  "fully_verified_docs": 89027,
  "nulled_by_field": {
    "exclusion_criteria": 2727,
    "inclusion_criteria": 2288,
    "exact_boolean_queries[2]": 783,
    "exact_boolean_queries[5]": 476,
    "exact_boolean_queries[0]": 429,
    "exact_boolean_queries[6]": 414,
    "databases_used": 406,
    "exact_boolean_queries[3]": 403,
    "exact_boolean_queries[4]": 398,
    "exact_boolean_queries[1]": 388,
    "exact_boolean_queries[8]": 359,
    "exact_boolean_queries[7]": 306,
    "exact_boolean_queries[9]": 274,
    "keywords_used": 236,
    "exact_boolean_queries[10]": 228,
    "exact_boolean_queries[11]": 202,
    "exact_boolean_queries[12]": 186,
    "exact_boolean_queries[14]": 166,
    "exact_boolean_queries[17]": 162,
    "exact_boolean_queries[13]": 155,
    "exact_boolean_queries[15]": 155,
    "exact_boolean_queries[16]": 155,
    "n_studies_initial": 148,
    "exact_boolean_queries[20]": 137,
    "exact_boolean_queries[18]": 132,
    "exact_boolean_queries[19]": 131,
    "exact_boolean_queries[22]": 110,
    "exact_boolean_queries[21]": 102,
    "exact_boolean_queries[25]": 102,
    "research_questions": 101,
    "exact_boolean_queries[23]": 98,
    "n_studies_final": 96,
    "exact_boolean_queries[24]": 96,
    "exact_boolean_queries[26]": 93,
    "exact_boolean_queries[27]": 89,
    "exact_boolean_queries[30]": 77,
    "exact_boolean_queries[32]": 76,
    "exact_boolean_queries[29]": 74,
    "snowballing": 74,
    "exact_boolean_queries[28]": 73,
    "exact_boolean_queries[31]": 73,
    "objective": 65,
    "exact_boolean_queries[36]": 55,
    "exact_boolean_queries[33]": 54,
    "exact_boolean_queries[35]": 53,
    "exact_boolean_queries[42]": 52,
    "exact_boolean_queries[38]": 50,
    "exact_boolean_queries[40]": 50,
    "exact_boolean_queries[34]": 49,
    "exact_boolean_queries[45]": 47,
    "exact_boolean_queries[41]": 47,
    "exact_boolean_queries[44]": 46,
    "exact_boolean_queries[39]": 45,
    "exact_boolean_queries[46]": 41,
    "exact_boolean_queries[43]": 40,
    "exact_boolean_queries[37]": 39,
    "exact_boolean_queries[53]": 38,
    "exact_boolean_queries[54]": 38,
    "exact_boolean_queries[47]": 35,
    "exact_boolean_queries[48]": 34,
    "exact_boolean_queries[50]": 33,
    "exact_boolean_queries[55]": 33,
    "exact_boolean_queries[52]": 32,
    "exact_boolean_queries[49]": 32,
    "year_range": 31,
    "exact_boolean_queries[56]": 28,
    "exact_boolean_queries[66]": 28,
    "exact_boolean_queries[62]": 26,
    "exact_boolean_queries[51]": 25,
    "exact_boolean_queries[60]": 25,
    "exact_boolean_queries[57]": 24,
    "exact_boolean_queries[63]": 24,
    "exact_boolean_queries[64]": 24,
    "exact_boolean_queries[65]": 22,
    "exact_boolean_queries[61]": 21,
    "exact_boolean_queries[69]": 20,
    "exact_boolean_queries[58]": 20,
    "exact_boolean_queries[59]": 20,
    "exact_boolean_queries[74]": 20,
    "exact_boolean_queries[68]": 19,
    "exact_boolean_queries[76]": 18,
    "exact_boolean_queries[78]": 17,
    "exact_boolean_queries[75]": 17,
    "exact_boolean_queries[80]": 17,
    "exact_boolean_queries[77]": 16,
    "exact_boolean_queries[72]": 16,
    "exact_boolean_queries[82]": 16,
    "exact_boolean_queries[71]": 15,
    "exact_boolean_queries[73]": 15,
    "exact_boolean_queries[94]": 15,
    "exact_boolean_queries[98]": 15,
    "exact_boolean_queries[95]": 14,
    "exact_boolean_queries[83]": 14,
    "exact_boolean_queries[87]": 13,
    "exact_boolean_queries[70]": 13,
    "exact_boolean_queries[91]": 13,
    "exact_boolean_queries[92]": 13,
    "exact_boolean_queries[85]": 13,
    "exact_boolean_queries[67]": 12,
    "exact_boolean_queries[88]": 12,
    "exact_boolean_queries[86]": 12,
    "exact_boolean_queries[103]": 12,
    "exact_boolean_queries[79]": 12,
    "exact_boolean_queries[96]": 12,
    "exact_boolean_queries[81]": 12,
    "exact_boolean_queries[84]": 12,
    "exact_boolean_queries[102]": 11,
    "exact_boolean_queries[97]": 11,
    "exact_boolean_queries[104]": 11,
    "exact_boolean_queries[89]": 11,
    "exact_boolean_queries[100]": 10,
    "exact_boolean_queries[112]": 10,
    "exact_boolean_queries[109]": 9,
    "exact_boolean_queries[118]": 9,
    "exact_boolean_queries[93]": 9,
    "exact_boolean_queries[116]": 9,
    "exact_boolean_queries[105]": 8,
    "exact_boolean_queries[107]": 8,
    "exact_boolean_queries[119]": 8,
    "exact_boolean_queries[90]": 8,
    "exact_boolean_queries[108]": 8,
    "exact_boolean_queries[106]": 8,
    "exact_boolean_queries[110]": 8,
    "exact_boolean_queries[115]": 8,
    "exact_boolean_queries[117]": 8,
    "exact_boolean_queries[101]": 7,
    "exact_boolean_queries[122]": 7,
    "exact_boolean_queries[125]": 7,
    "exact_boolean_queries[99]": 7,
    "exact_boolean_queries[120]": 7,
    "exact_boolean_queries[114]": 7,
    "exact_boolean_queries[124]": 7,
    "exact_boolean_queries[113]": 6,
    "exact_boolean_queries[161]": 6,
    "exact_boolean_queries[131]": 6,
    "exact_boolean_queries[111]": 6,
    "exact_boolean_queries[128]": 5,
    "exact_boolean_queries[129]": 5,
    "exact_boolean_queries[121]": 5,
    "exact_boolean_queries[141]": 4,
    "exact_boolean_queries[127]": 4,
    "exact_boolean_queries[142]": 3,
    "exact_boolean_queries[143]": 3,
    "exact_boolean_queries[147]": 3,
    "exact_boolean_queries[162]": 3,
    "exact_boolean_queries[163]": 3,
    "exact_boolean_queries[167]": 3,
    "exact_boolean_queries[137]": 3,
    "exact_boolean_queries[135]": 3,
    "exact_boolean_queries[154]": 3,
    "exact_boolean_queries[140]": 3,
    "exact_boolean_queries[150]": 3,
    "exact_boolean_queries[123]": 3,
    "exact_boolean_queries[126]": 3,
    "exact_boolean_queries[134]": 3,
    "exact_boolean_queries[138]": 3,
    "exact_boolean_queries[144]": 2,
    "exact_boolean_queries[171]": 2,
    "exact_boolean_queries[132]": 2,
    "exact_boolean_queries[151]": 2,
    "exact_boolean_queries[152]": 2,
    "exact_boolean_queries[170]": 2,
    "exact_boolean_queries[172]": 2,
    "exact_boolean_queries[139]": 2,
    "exact_boolean_queries[160]": 2,
    "exact_boolean_queries[169]": 2,
    "exact_boolean_queries[184]": 2,
    "exact_boolean_queries[145]": 2,
    "exact_boolean_queries[156]": 2,
    "exact_boolean_queries[191]": 2,
    "exact_boolean_queries[158]": 2,
    "exact_boolean_queries[190]": 2,
    "exact_boolean_queries[130]": 2,
    "exact_boolean_queries[133]": 2,
    "exact_boolean_queries[193]": 1,
    "exact_boolean_queries[149]": 1,
    "exact_boolean_queries[159]": 1,
    "exact_boolean_queries[165]": 1,
    "exact_boolean_queries[168]": 1,
    "exact_boolean_queries[183]": 1,
    "exact_boolean_queries[185]": 1,
    "exact_boolean_queries[200]": 1,
    "exact_boolean_queries[155]": 1,
    "exact_boolean_queries[192]": 1,
    "exact_boolean_queries[157]": 1,
    "exact_boolean_queries[175]": 1,
    "exact_boolean_queries[186]": 1,
    "exact_boolean_queries[188]": 1,
    "exact_boolean_queries[189]": 1,
    "exact_boolean_queries[178]": 1,
    "exact_boolean_queries[179]": 1,
    "exact_boolean_queries[180]": 1,
    "exact_boolean_queries[181]": 1,
    "exact_boolean_queries[136]": 1,
    "exact_boolean_queries[146]": 1
  },
  "noisy_by_field": {
    "inclusion_criteria": 6922,
    "exclusion_criteria": 4427,
    "exact_boolean_queries[0]": 1155,
    "databases_used": 769,
    "n_studies_initial": 733,
    "n_studies_final": 715,
    "exact_boolean_queries[1]": 617,
    "keywords_used": 609,
    "exact_boolean_queries[2]": 469,
    "exact_boolean_queries[3]": 413,
    "snowballing": 343,
    "exact_boolean_queries[4]": 313,
    "exact_boolean_queries[5]": 269,
    "year_range": 243,
    "exact_boolean_queries[6]": 234,
    "exact_boolean_queries[7]": 213,
    "exact_boolean_queries[8]": 175,
    "objective": 168,
    "exact_boolean_queries[9]": 144,
    "research_questions": 141,
    "exact_boolean_queries[11]": 137,
    "exact_boolean_queries[10]": 125,
    "exact_boolean_queries[12]": 119,
    "exact_boolean_queries[13]": 102,
    "exact_boolean_queries[14]": 94,
    "exact_boolean_queries[15]": 90,
    "exact_boolean_queries[18]": 90,
    "exact_boolean_queries[17]": 90,
    "exact_boolean_queries[21]": 85,
    "exact_boolean_queries[16]": 81,
    "exact_boolean_queries[20]": 77,
    "exact_boolean_queries[22]": 73,
    "exact_boolean_queries[19]": 72,
    "exact_boolean_queries[24]": 66,
    "exact_boolean_queries[23]": 62,
    "exact_boolean_queries[28]": 59,
    "exact_boolean_queries[26]": 58,
    "exact_boolean_queries[33]": 55,
    "exact_boolean_queries[31]": 54,
    "exact_boolean_queries[27]": 51,
    "exact_boolean_queries[30]": 50,
    "exact_boolean_queries[34]": 49,
    "exact_boolean_queries[25]": 47,
    "exact_boolean_queries[32]": 44,
    "exact_boolean_queries[35]": 44,
    "exact_boolean_queries[29]": 43,
    "exact_boolean_queries[36]": 40,
    "exact_boolean_queries[37]": 33,
    "exact_boolean_queries[40]": 33,
    "exact_boolean_queries[44]": 32,
    "exact_boolean_queries[38]": 32,
    "exact_boolean_queries[39]": 31,
    "exact_boolean_queries[41]": 31,
    "exact_boolean_queries[50]": 29,
    "exact_boolean_queries[45]": 29,
    "exact_boolean_queries[52]": 28,
    "exact_boolean_queries[42]": 27,
    "exact_boolean_queries[53]": 27,
    "exact_boolean_queries[46]": 27,
    "exact_boolean_queries[43]": 26,
    "exact_boolean_queries[47]": 25,
    "exact_boolean_queries[51]": 25,
    "exact_boolean_queries[49]": 23,
    "exact_boolean_queries[56]": 23,
    "exact_boolean_queries[54]": 22,
    "exact_boolean_queries[48]": 21,
    "exact_boolean_queries[63]": 21,
    "exact_boolean_queries[55]": 20,
    "exact_boolean_queries[61]": 20,
    "exact_boolean_queries[67]": 20,
    "exact_boolean_queries[64]": 20,
    "exact_boolean_queries[59]": 19,
    "exact_boolean_queries[68]": 18,
    "exact_boolean_queries[62]": 18,
    "exact_boolean_queries[65]": 17,
    "exact_boolean_queries[58]": 17,
    "exact_boolean_queries[70]": 16,
    "exact_boolean_queries[60]": 16,
    "exact_boolean_queries[73]": 14,
    "exact_boolean_queries[74]": 14,
    "exact_boolean_queries[57]": 13,
    "exact_boolean_queries[72]": 13,
    "exact_boolean_queries[66]": 12,
    "exact_boolean_queries[99]": 12,
    "exact_boolean_queries[90]": 12,
    "exact_boolean_queries[86]": 11,
    "exact_boolean_queries[69]": 11,
    "exact_boolean_queries[83]": 11,
    "exact_boolean_queries[94]": 11,
    "exact_boolean_queries[82]": 11,
    "exact_boolean_queries[89]": 11,
    "exact_boolean_queries[71]": 10,
    "exact_boolean_queries[91]": 10,
    "exact_boolean_queries[78]": 10,
    "exact_boolean_queries[76]": 10,
    "exact_boolean_queries[79]": 9,
    "exact_boolean_queries[80]": 9,
    "exact_boolean_queries[92]": 9,
    "exact_boolean_queries[100]": 9,
    "exact_boolean_queries[81]": 9,
    "exact_boolean_queries[77]": 9,
    "exact_boolean_queries[88]": 9,
    "exact_boolean_queries[75]": 8,
    "exact_boolean_queries[96]": 8,
    "exact_boolean_queries[111]": 8,
    "exact_boolean_queries[93]": 8,
    "exact_boolean_queries[105]": 8,
    "exact_boolean_queries[84]": 7,
    "exact_boolean_queries[87]": 7,
    "exact_boolean_queries[104]": 7,
    "exact_boolean_queries[114]": 7,
    "exact_boolean_queries[110]": 7,
    "exact_boolean_queries[101]": 7,
    "exact_boolean_queries[95]": 6,
    "exact_boolean_queries[116]": 6,
    "exact_boolean_queries[123]": 6,
    "exact_boolean_queries[118]": 6,
    "exact_boolean_queries[97]": 6,
    "exact_boolean_queries[113]": 6,
    "exact_boolean_queries[119]": 5,
    "exact_boolean_queries[102]": 5,
    "exact_boolean_queries[126]": 5,
    "exact_boolean_queries[107]": 5,
    "exact_boolean_queries[136]": 5,
    "exact_boolean_queries[109]": 5,
    "exact_boolean_queries[115]": 5,
    "exact_boolean_queries[130]": 4,
    "exact_boolean_queries[131]": 4,
    "exact_boolean_queries[169]": 4,
    "exact_boolean_queries[170]": 4,
    "exact_boolean_queries[177]": 4,
    "exact_boolean_queries[103]": 4,
    "exact_boolean_queries[85]": 4,
    "exact_boolean_queries[143]": 4,
    "exact_boolean_queries[134]": 3,
    "exact_boolean_queries[159]": 3,
    "exact_boolean_queries[164]": 3,
    "exact_boolean_queries[167]": 3,
    "exact_boolean_queries[174]": 3,
    "exact_boolean_queries[175]": 3,
    "exact_boolean_queries[178]": 3,
    "exact_boolean_queries[106]": 3,
    "exact_boolean_queries[121]": 3,
    "exact_boolean_queries[98]": 3,
    "exact_boolean_queries[108]": 3,
    "exact_boolean_queries[153]": 3,
    "exact_boolean_queries[156]": 3,
    "exact_boolean_queries[176]": 3,
    "exact_boolean_queries[181]": 3,
    "exact_boolean_queries[182]": 3,
    "exact_boolean_queries[183]": 3,
    "exact_boolean_queries[117]": 2,
    "exact_boolean_queries[135]": 2,
    "exact_boolean_queries[139]": 2,
    "exact_boolean_queries[145]": 2,
    "exact_boolean_queries[161]": 2,
    "exact_boolean_queries[172]": 2,
    "exact_boolean_queries[120]": 2,
    "exact_boolean_queries[127]": 2,
    "exact_boolean_queries[122]": 2,
    "exact_boolean_queries[149]": 2,
    "exact_boolean_queries[150]": 2,
    "exact_boolean_queries[142]": 2,
    "exact_boolean_queries[155]": 2,
    "exact_boolean_queries[157]": 2,
    "exact_boolean_queries[158]": 2,
    "exact_boolean_queries[166]": 2,
    "exact_boolean_queries[168]": 2,
    "exact_boolean_queries[173]": 2,
    "exact_boolean_queries[179]": 2,
    "exact_boolean_queries[171]": 2,
    "exact_boolean_queries[124]": 2,
    "exact_boolean_queries[137]": 2,
    "exact_boolean_queries[185]": 2,
    "exact_boolean_queries[186]": 2,
    "exact_boolean_queries[187]": 2,
    "exact_boolean_queries[188]": 2,
    "exact_boolean_queries[189]": 2,
    "exact_boolean_queries[190]": 2,
    "exact_boolean_queries[132]": 1,
    "exact_boolean_queries[133]": 1,
    "exact_boolean_queries[138]": 1,
    "exact_boolean_queries[160]": 1,
    "exact_boolean_queries[129]": 1,
    "exact_boolean_queries[152]": 1,
    "exact_boolean_queries[125]": 1,
    "exact_boolean_queries[112]": 1,
    "exact_boolean_queries[146]": 1,
    "exact_boolean_queries[147]": 1,
    "exact_boolean_queries[154]": 1,
    "exact_boolean_queries[144]": 1,
    "exact_boolean_queries[202]": 1,
    "exact_boolean_queries[162]": 1,
    "exact_boolean_queries[163]": 1,
    "exact_boolean_queries[148]": 1,
    "exact_boolean_queries[180]": 1,
    "exact_boolean_queries[191]": 1,
    "exact_boolean_queries[193]": 1,
    "exact_boolean_queries[222]": 1,
    "exact_boolean_queries[184]": 1,
    "exact_boolean_queries[140]": 1
  },
  "bands_used": [
    [
      200,
      85.0,
      55.0
    ],
    [
      80,
      90.0,
      60.0
    ],
    [
      0,
      95.0,
      70.0
    ]
  ],
  "min_span_chars": 8,
  "null_noisy": false
}
2026-08-19 08:31:55,167 | INFO | Found 108079 extraction files under /home/fhg/pie65738/projects/sr4all/data/extraction/repaired
2026-08-19 08:31:55,406 | INFO |   shards: {'W1': 2332, 'W2': 27782, 'W3': 17815, 'W4': 60048, 'W5': 15, 'W6': 32, 'W7': 8, 'W8': 27, 'W9': 20}
2026-08-19 08:32:02,734 | INFO | Aligning 108079 documents on 16 processes (bands=((200, 85.0, 55.0), (80, 90.0, 60.0), (0, 95.0, 70.0)), null_noisy=False)
2026-08-19 09:08:11,109 | INFO | Complete in 2168.4s
2026-08-19 09:08:11,282 | INFO | Summary:
{
  "documents": 108079,
  "status": {
    "PASS": 103294,
    "SCHEMA_FAIL": 755,
    "SKIPPED": 464,
    "PARTIAL": 3566
  },
  "span_decisions": {
    "VERIFIED": 881950,
    "EMPTY": 267433,
    "NOISY": 21260,
    "NOT_FOUND": 5337,
    "SPAN_TOO_SHORT": 2408
  },
  "mean_verified_rate": 0.974,
  "fully_verified_docs": 89412,
  "nulled_by_field": {
    "exclusion_criteria": 1485,
    "inclusion_criteria": 947,
    "exact_boolean_queries[2]": 471,
    "databases_used": 371,
    "exact_boolean_queries[0]": 366,
    "exact_boolean_queries[1]": 310,
    "exact_boolean_queries[4]": 250,
    "exact_boolean_queries[3]": 240,
    "exact_boolean_queries[5]": 239,
    "keywords_used": 193,
    "exact_boolean_queries[6]": 188,
    "exact_boolean_queries[8]": 171,
    "exact_boolean_queries[7]": 154,
    "exact_boolean_queries[9]": 142,
    "exact_boolean_queries[10]": 108,
    "exact_boolean_queries[11]": 101,
    "research_questions": 99,
    "n_studies_initial": 98,
    "exact_boolean_queries[12]": 87,
    "exact_boolean_queries[13]": 81,
    "exact_boolean_queries[14]": 71,
    "exact_boolean_queries[15]": 69,
    "exact_boolean_queries[17]": 65,
    "exact_boolean_queries[16]": 63,
    "exact_boolean_queries[20]": 57,
    "n_studies_final": 56,
    "exact_boolean_queries[19]": 56,
    "exact_boolean_queries[18]": 52,
    "exact_boolean_queries[22]": 47,
    "exact_boolean_queries[21]": 46,
    "snowballing": 46,
    "objective": 45,
    "exact_boolean_queries[23]": 41,
    "exact_boolean_queries[26]": 40,
    "exact_boolean_queries[27]": 40,
    "exact_boolean_queries[24]": 35,
    "exact_boolean_queries[25]": 33,
    "exact_boolean_queries[28]": 30,
    "exact_boolean_queries[31]": 30,
    "exact_boolean_queries[32]": 28,
    "exact_boolean_queries[30]": 27,
    "exact_boolean_queries[29]": 26,
    "exact_boolean_queries[42]": 23,
    "exact_boolean_queries[45]": 20,
    "exact_boolean_queries[40]": 20,
    "exact_boolean_queries[36]": 20,
    "exact_boolean_queries[34]": 19,
    "exact_boolean_queries[44]": 19,
    "exact_boolean_queries[43]": 16,
    "exact_boolean_queries[35]": 16,
    "exact_boolean_queries[33]": 16,
    "exact_boolean_queries[39]": 15,
    "exact_boolean_queries[55]": 14,
    "exact_boolean_queries[56]": 14,
    "exact_boolean_queries[41]": 14,
    "exact_boolean_queries[53]": 14,
    "exact_boolean_queries[37]": 12,
    "exact_boolean_queries[50]": 12,
    "exact_boolean_queries[54]": 12,
    "exact_boolean_queries[49]": 11,
    "exact_boolean_queries[51]": 11,
    "exact_boolean_queries[86]": 11,
    "exact_boolean_queries[46]": 11,
    "exact_boolean_queries[38]": 11,
    "exact_boolean_queries[61]": 10,
    "exact_boolean_queries[57]": 9,
    "exact_boolean_queries[77]": 9,
    "exact_boolean_queries[48]": 9,
    "exact_boolean_queries[62]": 9,
    "exact_boolean_queries[63]": 9,
    "exact_boolean_queries[60]": 8,
    "exact_boolean_queries[66]": 8,
    "year_range": 8,
    "exact_boolean_queries[47]": 8,
    "exact_boolean_queries[59]": 7,
    "exact_boolean_queries[71]": 7,
    "exact_boolean_queries[64]": 7,
    "exact_boolean_queries[52]": 6,
    "exact_boolean_queries[58]": 6,
    "exact_boolean_queries[67]": 6,
    "exact_boolean_queries[68]": 6,
    "exact_boolean_queries[72]": 6,
    "exact_boolean_queries[79]": 6,
    "exact_boolean_queries[87]": 5,
    "exact_boolean_queries[65]": 5,
    "exact_boolean_queries[70]": 5,
    "exact_boolean_queries[74]": 5,
    "exact_boolean_queries[97]": 5,
    "exact_boolean_queries[103]": 5,
    "exact_boolean_queries[98]": 5,
    "exact_boolean_queries[80]": 5,
    "exact_boolean_queries[76]": 5,
    "exact_boolean_queries[69]": 5,
    "exact_boolean_queries[92]": 4,
    "exact_boolean_queries[94]": 4,
    "exact_boolean_queries[90]": 4,
    "exact_boolean_queries[110]": 4,
    "exact_boolean_queries[91]": 4,
    "exact_boolean_queries[112]": 4,
    "exact_boolean_queries[81]": 4,
    "exact_boolean_queries[83]": 4,
    "exact_boolean_queries[75]": 3,
    "exact_boolean_queries[95]": 3,
    "exact_boolean_queries[100]": 3,
    "exact_boolean_queries[85]": 3,
    "exact_boolean_queries[109]": 3,
    "exact_boolean_queries[116]": 3,
    "exact_boolean_queries[119]": 3,
    "exact_boolean_queries[124]": 3,
    "exact_boolean_queries[88]": 3,
    "exact_boolean_queries[89]": 3,
    "exact_boolean_queries[73]": 3,
    "exact_boolean_queries[82]": 3,
    "exact_boolean_queries[84]": 3,
    "exact_boolean_queries[105]": 2,
    "exact_boolean_queries[93]": 2,
    "exact_boolean_queries[131]": 2,
    "exact_boolean_queries[107]": 2,
    "exact_boolean_queries[111]": 2,
    "exact_boolean_queries[118]": 2,
    "exact_boolean_queries[126]": 2,
    "exact_boolean_queries[106]": 2,
    "exact_boolean_queries[128]": 2,
    "exact_boolean_queries[101]": 1,
    "exact_boolean_queries[96]": 1,
    "exact_boolean_queries[104]": 1,
    "exact_boolean_queries[152]": 1,
    "exact_boolean_queries[161]": 1,
    "exact_boolean_queries[108]": 1,
    "exact_boolean_queries[122]": 1,
    "exact_boolean_queries[123]": 1,
    "exact_boolean_queries[125]": 1,
    "exact_boolean_queries[78]": 1,
    "exact_boolean_queries[145]": 1,
    "exact_boolean_queries[115]": 1,
    "exact_boolean_queries[102]": 1,
    "exact_boolean_queries[129]": 1,
    "exact_boolean_queries[133]": 1,
    "exact_boolean_queries[114]": 1,
    "exact_boolean_queries[99]": 1,
    "exact_boolean_queries[113]": 1,
    "exact_boolean_queries[120]": 1,
    "exact_boolean_queries[121]": 1,
    "exact_boolean_queries[127]": 1,
    "exact_boolean_queries[143]": 1,
    "exact_boolean_queries[136]": 1,
    "exact_boolean_queries[137]": 1,
    "exact_boolean_queries[138]": 1,
    "exact_boolean_queries[139]": 1,
    "exact_boolean_queries[140]": 1
  },
  "noisy_by_field": {
    "inclusion_criteria": 7120,
    "exclusion_criteria": 4695,
    "exact_boolean_queries[0]": 1531,
    "n_studies_initial": 812,
    "databases_used": 793,
    "n_studies_final": 728,
    "keywords_used": 682,
    "exact_boolean_queries[1]": 646,
    "exact_boolean_queries[2]": 476,
    "exact_boolean_queries[3]": 354,
    "snowballing": 349,
    "exact_boolean_queries[4]": 245,
    "year_range": 241,
    "exact_boolean_queries[5]": 195,
    "research_questions": 176,
    "objective": 170,
    "exact_boolean_queries[6]": 164,
    "exact_boolean_queries[7]": 134,
    "exact_boolean_queries[8]": 112,
    "exact_boolean_queries[9]": 85,
    "exact_boolean_queries[11]": 84,
    "exact_boolean_queries[12]": 83,
    "exact_boolean_queries[13]": 73,
    "exact_boolean_queries[10]": 71,
    "exact_boolean_queries[14]": 65,
    "exact_boolean_queries[16]": 55,
    "exact_boolean_queries[15]": 54,
    "exact_boolean_queries[17]": 54,
    "exact_boolean_queries[18]": 52,
    "exact_boolean_queries[20]": 48,
    "exact_boolean_queries[21]": 47,
    "exact_boolean_queries[22]": 40,
    "exact_boolean_queries[19]": 39,
    "exact_boolean_queries[23]": 34,
    "exact_boolean_queries[26]": 32,
    "exact_boolean_queries[24]": 30,
    "exact_boolean_queries[30]": 26,
    "exact_boolean_queries[25]": 25,
    "exact_boolean_queries[34]": 22,
    "exact_boolean_queries[44]": 20,
    "exact_boolean_queries[29]": 20,
    "exact_boolean_queries[31]": 20,
    "exact_boolean_queries[35]": 20,
    "exact_boolean_queries[27]": 20,
    "exact_boolean_queries[28]": 19,
    "exact_boolean_queries[33]": 19,
    "exact_boolean_queries[32]": 18,
    "exact_boolean_queries[43]": 17,
    "exact_boolean_queries[41]": 17,
    "exact_boolean_queries[45]": 16,
    "exact_boolean_queries[42]": 15,
    "exact_boolean_queries[53]": 15,
    "exact_boolean_queries[36]": 15,
    "exact_boolean_queries[40]": 15,
    "exact_boolean_queries[37]": 13,
    "exact_boolean_queries[54]": 12,
    "exact_boolean_queries[39]": 12,
    "exact_boolean_queries[38]": 11,
    "exact_boolean_queries[52]": 11,
    "exact_boolean_queries[55]": 11,
    "exact_boolean_queries[47]": 10,
    "exact_boolean_queries[61]": 9,
    "exact_boolean_queries[60]": 9,
    "exact_boolean_queries[46]": 9,
    "exact_boolean_queries[57]": 8,
    "exact_boolean_queries[50]": 8,
    "exact_boolean_queries[85]": 7,
    "exact_boolean_queries[56]": 7,
    "exact_boolean_queries[59]": 7,
    "exact_boolean_queries[99]": 6,
    "exact_boolean_queries[63]": 6,
    "exact_boolean_queries[84]": 6,
    "exact_boolean_queries[65]": 5,
    "exact_boolean_queries[78]": 5,
    "exact_boolean_queries[58]": 5,
    "exact_boolean_queries[62]": 5,
    "exact_boolean_queries[64]": 5,
    "exact_boolean_queries[73]": 5,
    "exact_boolean_queries[91]": 5,
    "exact_boolean_queries[92]": 5,
    "exact_boolean_queries[48]": 5,
    "exact_boolean_queries[49]": 5,
    "exact_boolean_queries[89]": 5,
    "exact_boolean_queries[51]": 4,
    "exact_boolean_queries[83]": 4,
    "exact_boolean_queries[96]": 4,
    "exact_boolean_queries[66]": 4,
    "exact_boolean_queries[68]": 4,
    "exact_boolean_queries[94]": 4,
    "exact_boolean_queries[86]": 4,
    "exact_boolean_queries[71]": 4,
    "exact_boolean_queries[72]": 4,
    "exact_boolean_queries[74]": 4,
    "exact_boolean_queries[76]": 4,
    "exact_boolean_queries[80]": 3,
    "exact_boolean_queries[102]": 3,
    "exact_boolean_queries[69]": 3,
    "exact_boolean_queries[93]": 3,
    "exact_boolean_queries[88]": 3,
    "exact_boolean_queries[75]": 3,
    "exact_boolean_queries[82]": 3,
    "exact_boolean_queries[113]": 3,
    "exact_boolean_queries[98]": 3,
    "exact_boolean_queries[79]": 2,
    "exact_boolean_queries[95]": 2,
    "exact_boolean_queries[77]": 2,
    "exact_boolean_queries[90]": 2,
    "exact_boolean_queries[67]": 2,
    "exact_boolean_queries[87]": 2,
    "exact_boolean_queries[111]": 2,
    "exact_boolean_queries[70]": 2,
    "exact_boolean_queries[81]": 2,
    "exact_boolean_queries[105]": 2,
    "exact_boolean_queries[112]": 2,
    "exact_boolean_queries[100]": 1,
    "exact_boolean_queries[136]": 1,
    "exact_boolean_queries[101]": 1,
    "exact_boolean_queries[104]": 1,
    "exact_boolean_queries[107]": 1,
    "exact_boolean_queries[110]": 1,
    "exact_boolean_queries[108]": 1,
    "exact_boolean_queries[109]": 1,
    "exact_boolean_queries[115]": 1,
    "exact_boolean_queries[116]": 1,
    "exact_boolean_queries[117]": 1,
    "exact_boolean_queries[122]": 1,
    "exact_boolean_queries[123]": 1,
    "exact_boolean_queries[125]": 1,
    "exact_boolean_queries[142]": 1,
    "exact_boolean_queries[144]": 1,
    "exact_boolean_queries[148]": 1,
    "exact_boolean_queries[151]": 1,
    "exact_boolean_queries[152]": 1,
    "exact_boolean_queries[154]": 1,
    "exact_boolean_queries[158]": 1,
    "exact_boolean_queries[159]": 1,
    "exact_boolean_queries[160]": 1,
    "exact_boolean_queries[163]": 1,
    "exact_boolean_queries[103]": 1,
    "exact_boolean_queries[128]": 1,
    "exact_boolean_queries[129]": 1,
    "exact_boolean_queries[130]": 1,
    "exact_boolean_queries[131]": 1,
    "exact_boolean_queries[132]": 1,
    "exact_boolean_queries[135]": 1,
    "exact_boolean_queries[181]": 1,
    "exact_boolean_queries[182]": 1,
    "exact_boolean_queries[183]": 1,
    "exact_boolean_queries[184]": 1,
    "exact_boolean_queries[185]": 1,
    "exact_boolean_queries[186]": 1,
    "exact_boolean_queries[187]": 1,
    "exact_boolean_queries[188]": 1,
    "exact_boolean_queries[189]": 1,
    "exact_boolean_queries[190]": 1,
    "exact_boolean_queries[97]": 1
  },
  "bands_used": [
    [
      200,
      85.0,
      55.0
    ],
    [
      80,
      90.0,
      60.0
    ],
    [
      0,
      95.0,
      70.0
    ]
  ],
  "min_span_chars": 8,
  "null_noisy": false
}
